C:\ST\STM32CubeIDE_1.13.2\STM32CubeIDE\plugins\com.st.stm32cube.ide.mcu.externaltools.gnu-tools-for-stm32.11.3.rel1.win32_1.1.1.202309131626\tools\arm-none-eabi\include\c++\11.3.1\arm-none-eabi\thumb\v7e-m+fp\hard\bits\gthr-default.h:229:1:int __gthread_key_delete(__gthread_key_t)	16	static
../Core/Inc/Log.h:129:17:static void Logger::print(const char*)	24	static
../Core/Src/main.cpp:58:6:void setReadPeriod(uint8_t)	24	static
../Core/Src/main.cpp:78:5:int main()	24	static
../Core/Src/main.cpp:131:6:void SystemClock_Config()	160	static
../Core/Src/main.cpp:178:13:void MX_USART2_UART_Init()	8	static
../Core/Src/main.cpp:213:13:void MX_GPIO_Init()	16	static
../Core/Src/main.cpp:233:6:void Error_Handler()	4	static,ignoring_inline_asm
../Core/Inc/Log.h:77:14:) [with Args = {const char*, int, const char*, unsigned char}]	40	static
../Core/Inc/Log.h:101:14:) [with Args = {const char*, int, const char*, const char*}]	40	static
